Test connecting...
SUCCESS_CONNECTED
